SQL> SELECT LAST_NAME, JOB_ID, HIRE_DATE FROM EMPLOYEES WHERE LAST_NAME = Matos OR Taylor ORDER BY HIRE_DATE;
SELECT LAST_NAME, JOB_ID, HIRE_DATE FROM EMPLOYEES WHERE LAST_NAME = Matos OR Taylor ORDER BY HIRE_DATE
                                                                                     *
ERROR at line 1:
ORA-00920: invalid relational operator 


SQL> SELECT LAST_NAME, JOB_ID, HIRE_DATE FROM EMPLOYEES WHERE LAST_NAME = 'Matos' OR 'Taylor' ORDER BY HIRE_DATE;
SELECT LAST_NAME, JOB_ID, HIRE_DATE FROM EMPLOYEES WHERE LAST_NAME = 'Matos' OR 'Taylor' ORDER BY HIRE_DATE
                                                                                         *
ERROR at line 1:
ORA-00920: invalid relational operator 


SQL> SELECT LAST_NAME, JOB_ID, HIRE_DATE FROM EMPLOYEES WHERE LAST_NAME = Matos OR LAST_NAME = Taylor ORDER BY HIRE_DATE;
SELECT LAST_NAME, JOB_ID, HIRE_DATE FROM EMPLOYEES WHERE LAST_NAME = Matos OR LAST_NAME = Taylor ORDER BY HIRE_DATE
                                                                                          *
ERROR at line 1:
ORA-00904: "TAYLOR": invalid identifier 


SQL> SELECT LAST_NAME, JOB_ID, HIRE_DATE FROM EMPLOYEES WHERE LAST_NAME = 'Matos' OR LAST_NAME = 'Taylor' ORDER BY HIRE_DATE;

LAST_NAME                 JOB_ID     HIRE_DATE                                  
------------------------- ---------- ---------                                  
Taylor                    SH_CLERK   24-JAN-06                                  
Matos                     ST_CLERK   15-MAR-06                                  
Taylor                    SA_REP     24-MAR-06                                  

SQL> spool off
